---
source: dprint_plugin/tests/integration.rs
---
---
import Color from "../components/Color.jsx";

let title = "My Site";

`
---
`;

const colors = ["red", "yellow", "blue"];
---

{
  [].map((item: string) => (
    <div>
      {item}
    </div>
  ))
}

<div class={[].map((item: string) => item).join()}></div>

<span class="class">{
  [
    "long",
    "long",
    "long",
    "long",
    "long",
    "long",
    "long",
    "long",
    "long",
    "long",
    "long",
    "expression",
  ].join("")
}</span>

{/*   Hello */}
{
  /*
  	Hello
  */
}

<script>
function handleClick(): void {
  console.log("button clicked!");
}
document.getElementById("button").addEventListener("click", handleClick);
</script>

<style lang="scss">
.hello {
  color: red;
  p {
    background-color: white;
  }
}
</style>

<!-- Below should be treated as text node. -->
--- let title = 'My Site'; ---

{
  [].map((value) => {
    console.log(value);

    return <div></div><h1></h1>;
  })
}

{
    /* <svg><rect x="182.56" y="230.58" width="100.48" height="104.25" rx="50.24" ry="50.24"></rect></svg> */
}

{/* https://example.com */}
