---
source: dprint_plugin/tests/integration.rs
assertion_line: 218
---
<template>
    <div>
        <div>
            <div>
                <div>
                    <div>
                        <div>
                            <div>
                                <div>
                                    <div>
                                        <div>
                                            <td>
                                                <div
                                                    v-if="longerName.alsoQuiteALongName"
                                                    :value="longerName.alsoQuiteALongName"
                                                />
                                            </td>
                                        </div>
                                    </div>
                                </div>
                            </div>
                        </div>
                    </div>
                </div>
            </div>
        </div>
    </div>
</template>
