---
source: markup_fmt/tests/fmt.rs
---
<!DOCTYPE html>
<html lang="en">
  <body>
    <style>
    a { text-decoration: none; }
    </style>
    <style>
    a {
      text-decoration: none;
    }
    /* Next line is just 2 spaces */
  
    /* --- */
    </style>
    <script>
      window.addEventListener('load', () => {})
    </script>
  </body>
</html>
