---
source: dprint_plugin/tests/integration.rs
---
<script
  setup
  lang="ts"
  generic="T extends z.ZodObject<
    {
      [key: string]:
        | z.ZodString
        | z.ZodOptional<z.ZodString>;
    }
  >"
>
const props = defineProps<{ name: T }>();

function greet(msg: string) {
  alert(msg);
}
</script>

<template>
  <span v-if="name != ''">{{ ":" + name }}</span>
  <button @click="greet(name)">Click</button>

  <ul>
    <li v-for="{ value } in data.list"></li>
    <li v-for="({ value }, index) of data.list"></li>
  </ul>

  <template
    #default="{ item: value }: { item: Record<string, number> }"
  ></template>

  <button @click="e => console.log(e)"></button>
  <button :class="" @click="">{{  }}{{ /**/ }}</button>
  <v-list-item
    @click="$triggerDialog('editScreen', { screenId: screen.id });
    close()"
  />
  <div
    :style="{
      'height': '200px',
      /* position: relative; */
    }"
  >
  </div>
</template>
