---
source: dprint_plugin/tests/integration.rs
---
<html>
  <body>
    <script type="importmap">
    {
      "imports": {
        "square": "./module/shapes/square.js",
        "circle": "https://example.com/shapes/circle.js"
      }
    }
    </script>
    <script type="speculationrules">
    {
      "prefetch": [
        {
          "urls": ["next.html", "next2.html"],
          "requires": ["anonymous-client-ip-when-cross-origin"],
          "referrer_policy": "no-referrer"
        }
      ]
    }
    </script>
    <script type="application/json">
    { "ssrData": { "items": [1, 2, 3] } }
    </script>
    <script type="application/ld+json">
    { "@context": "https://schema.org" }
    </script>
  </body>
</html>
