---
source: dprint_plugin/tests/integration.rs
---
{% if enabled %}
  <script>
  document.addEventListener("DOMContentLoaded", () => {
    console.log("nested");
  });
  </script>
{% endif %}
{% for item in items %}
  {% if item %}
    <script>
    console.log("deep");
    </script>
  {% endif %}
{% endfor %}
