---
source: markup_fmt/tests/fmt.rs
---
<form class="form-control" action='{% url "my_app:subscribe" %}' method="post">
  {{ whatever }}
</form>
<a
  href='https://{{ request.get_host }}{% url "newsletter_verify" uuid=subscription.verification_token %}'
>Subscribe to the newsletter!</a>
<div
  class="first-class {% block extra_classes %}{% endblock %} modal fade"
  aria-hidden="true"
>
</div>
<div
  id="cookie-modal__form"
  class="modal cookie-modal {% if should_hide %}initial-hidden{% endif %}"
>
</div>
