---
source: markup_fmt/tests/fmt.rs
---
<div></div>
<div></div>
<div></div>
<div></div>
<div></div>
<div></div>
<span> </span>
<span> </span>
<span> </span>
<span> </span>
<span> </span>
<span> </span>
<img />
<img />
<img />
<img />
<img />
<img />
<img />
<img />
<img />
<img />
<img />
<img />
<div> </div>
<div> </div>
<div>  </div>
<div>   </div>
<span> </span>
<span>   </span>
<span>    </span>
<span>     </span>
<img /> <img />
<img />   <img />
<img />    <img />
<img />     <img />
<i />   |   <i />
<p>
  <span>X</span>   or   <span>Y</span>
</p><p>X   or   Y</p>
<!-- U+2005 -->
<script type="text/unknown" lang="unknown">
// comment
// comment
// comment
// comment
</script>
<!-- U+005F -->
<script type="text/unknown" lang="unknown">
_    // comment
// comment
// comment
// comment
</script>
<!-- U+0020 -->
<script type="text/unknown" lang="unknown">
// comment
// comment
// comment
// comment
</script>

<!-- U+2005 -->
<div>
  before<span
  > </span>afterafterafterafterafterafterafterafterafterafterafterafterafterafterafterafterafterafterafterafter
</div>
<!-- U+005F -->
<div>
  before<span
  >_</span>afterafterafterafterafterafterafterafterafterafterafterafterafterafterafterafterafterafterafterafter
</div>
<!-- U+0020 -->
<div>
  before<span>
  </span>afterafterafterafterafterafterafterafterafterafterafterafterafterafterafterafterafterafterafterafter
</div>
