---
source: markup_fmt/tests/fmt.rs
---
<label for="movie">Choose a movie to upload:</label>

<input type="file" id="movie" name="movie" accept="video/*" />

<label for="poster">Choose a poster:</label>

<input type="file" id="poster" name="poster" accept="image/png, image/jpeg" />

<input type="file" accept=".jpg, .jpeg, .png">
<input type="file" accept="text/html, application/zip">
<input type="file" accept="text/html">
<input type="file" accept="">

<input type="file" accept="image/gif, image/jpeg">

<input type="file" accept="image/gif, image/jpeg">

<input type="file" accept="image/gif  image/jpeg">
<div type="file" name="poster" accept="      image/png,    image/jpeg    ">
</div>
