---
source: markup_fmt/tests/fmt.rs
snapshot_kind: text
---
<div
  class="
    ProviderMeasuresContainer__heading-row
    d-flex
    flex-column flex-lg-row
    justify-content-start justify-content-lg-between
    align-items-start align-items-lg-center
  "
>
  Foo
</div>

<div class="a-bem-block a-bem-block--with-modifier">
  <div
    class="a-bem-block__element a-bem-block__element--with-modifier also-another-block"
  >
    <div
      class="a-bem-block__element a-bem-block__element--with-modifier also-another-block__element"
    >
    </div>
  </div>
</div>
