---
source: markup_fmt/tests/fmt.rs
---
<div class="my_very_long_class_name_because_bem_or_tailwind_that_should_not_wrap_pls grey_color">
  <div class="my_very_long_class_name_because_bem_or_tailwind_that_should_not_wrap_pls">
    <div class="my_very_long_class_name_because_bem_or_tailwind_that_should_not_wrap_pls">
      <div class="my_very_long_class_name_because_bem_or_tailwind_that_should_not_wrap_pls">
        Deeply nested string
      </div>
    </div>
  </div>
</div>

<div class="w-fit flex flex-col mt-4 space-y-4 px-8 py-8 lg:py-[11px] border border-solid border-gray-030 rounded-md">
  <div class="flex items-center text-14 w-[40px] h-[24px] pl-8 pr-14 text-white font-bold">
    A
  </div>
  <div class="flex items-center text-14 w-[44px] h-[24px] pl-8 pr-14 text-white font-bold">
    B
  </div>
  <div class="flex items-center text-14 w-[48px] h-[24px] pl-8 pr-14 text-white font-bold">
    C
  </div>
  <div class="flex items-center text-14 w-[52px] h-[24px] pl-8 pr-14 text-white font-bold">
    D
  </div>
  <div class="flex items-center text-14 w-[56px] h-[24px] pl-8 pr-14 text-white font-bold">
    E
  </div>
  <div class="flex items-center text-14 w-[60px] h-[24px] pl-8 pr-14 text-white font-bold">
    F
  </div>
  <div class="flex items-center text-14 w-[64px] h-[24px] pl-8 pr-14 text-white font-bold">
    G
  </div>
</div>

<input
  class="flex items-center text-14 w-[64px] h-[24px] pl-8 pr-14 text-white font-bold"
/>

<div class="mt-8 w-full bg-indigo-600 border border-transparent rounded-md py-3 px-8 flex items-center justify-center text-base">
  Hello world
</div>
<div class="mt-8 w-full bg-indigo-600 border border-transparent rounded-md py-3 px-8 flex items-center justify-center text-base">
  <div></div>
</div>
<div class="mt-8 w-full bg-indigo-600 border border-transparent rounded-md py-3 px-8 flex items-center justify-center text-base">
  Hello world
</div>

<a
  class="mt-8 w-full bg-indigo-600 border border-transparent rounded-md py-3 px-8 flex items-center justify-center text-base"
>Hello world</a>
<a
  class="mt-8 w-full bg-indigo-600 border border-transparent rounded-md py-3 px-8 flex items-center justify-center text-base"
><div></div></a>
<a
  class="mt-8 w-full bg-indigo-600 border border-transparent rounded-md py-3 px-8 flex items-center justify-center text-base"
>
  Hello world
</a>
