---
source: markup_fmt/tests/fmt.rs
---
<div
  style="
  
    color:
    #fFf
  
  "
>
</div>

<div style=""></div>
<div style></div>

<div
  style="
  
    all: initial;display: block;
    contain: content;text-align: center;
  
  
  
    background: linear-gradient(to left, hotpink, #FFF00F, #ccc, hsla(240, 100%, 50%, .05), transparent);
    background: linear-gradient(to left, hsla(240, 100%, 50%, .05), red);
    max-width: 500px;margin: 0 auto;
    border-radius: 8px;transition: transform .2s ease-out;
  
  "
>
</div>

<div
  style="
    background: linear-gradient(to left, hotpink, hsla(240, 100%, 50%, .05), transparent);
  "
>
</div>

<div
  style="color : red;
         display    :inline "
>
</div>

<div
  style="
  
    color: green;
  
    display: inline 
  
  "
>
</div>

<div
  attribute-1
  attribute-2
  attribute-3
  attribute-4
  attribute-5
  attribute-6
  attribute-7
  style="css-prop-1: css-value;css-prop-2: css-value;css-prop-3: css-value;css-prop-4: css-value;"
  attribute-1
  attribute-2
  attribute-3
  attribute-4
  attribute-5
  attribute-6
  attribute-7
>
</div>

<div style="{{ ...styles }}"></div>

<div style="color: red; {{ otherStyles }}"></div>

<!-- Compact style argument -->
<div
  style="left: 50%;
         bottom: 0"
  class="absolute -translate-x-1/2 data-tag data-tag--lg data-tag--borders tint-green text-24 h-36"
>
  style is first arg
</div>

<div
  class="flex flex-col items-center absolute z-10 {% if title|length > 30 %}w-4/5{% else %}w-1/2{% endif %}"
  style="top:60%;
         transform:translate(0,-50%)"
>
  style is second arg
</div>

<div
  class="flex flex-col items-center absolute z-10 {% if title|length > 30 %}w-4/5{% else %}w-1/2{% endif %}"
  style="top:60%;
         transform:translate(0,-50%)"
  id="dfff"
>
  style is middle arg
</div>

<div
  style="top:60%;
         transform:translate(0,-50%)"
>
</div>

<div
  class="absolute right-0 bg-blue-020 rounded-full"
  style="height: 585px;
         width: 585px;
         filter: blur(86px);
         top: 153px"
>
  Big multiline style arg
</div>

<div
  style="top:90%;
         transform:translate(0,-50%)"
>
  <div
    style="top:80%;
           transform:translate(0,-50%)"
  >
    <div
      style="top:70%;
             transform:translate(0,-50%)"
    >
      Nested divs with multiline style attrs
    </div>
  </div>
</div>

<div
  style="color : red;
         display    :inline "
>
</div>
<div
  style="color : red;
         display    :inline; height: auto;
         position: absolute;
         top: 0;
         left: 0;
         right: 0;
         bottom: 0; "
>
</div>

<div
  style="top:60%;
         transform:translate(0,-50%)"
>
  <div
    style="top:60%;
           transform:translate(0,-50%)"
  >
    <div
      style="top:60%;
             transform:translate(0,-50%)"
    >
      Nested divs with odd off
    </div>
  </div>
</div>

<!-- Preserve multiline style argument -->
<div
  style="
    color: red;
    display: inline;
    height: auto;
    position: absolute;
    top: 0;
    left: 0;
    right: 0;
    bottom: 0;
  "
>
</div>
