---
source: markup_fmt/tests/fmt.rs
---
<!DOCTYPE html>
<html class="no-js" lang="en">
  <head>
    <meta charset="utf-8">
    <meta http-equiv="x-ua-compatible" content="ie=edge">
    <title>Title</title>
  </head>
  <body>
    <!-- markup-fmt-ignore -->
    <p>
      Test  Test   Test
    </p>

    <!-- markup-fmt-ignore -->
    <p attribute  =  "value">
      Test  Test   Test
    </p>

    <!-- markup-fmt-ignore -->
    <ul
      ><li> First  </li
      ><li>Second<i>1</i><div><div>String</div></div></li
    ></ul>

    <!-- markup-fmt-ignore -->
    <div>





    </div>

    <!-- markup-fmt-ignore -->
    <ul><!--
      --><li>   First   </li><!--
      --><li>   Second   </li><!--
    --></ul>

    <!-- markup-fmt-ignore -->
    <br />
  </body>
</html>
