---
source: markup_fmt/tests/fmt.rs
---
{1
    ? 2
      ? 3
        ? 4
          ? (
            <p>
              all
            </p>
          )
          : (
            <p>
              not four
            </p>
          )
        : (
          <p>
            not three
          </p>
        )
      : (
        <p>
          not two
        </p>
      )
    : (
      <p>
        not one
      </p>
    )}

{1
    ? [
      "a",
      "b",
      (
        <p>
          c
        </p>
      ),
      "d",
      "e",
      (
        <p>
          f
        </p>
      ),
      "g",
      "h",
      (
        <p>
          i
        </p>
      ),
      "j",
      "k",
    ]
    : []}
